INFO  Using log config file: jar:file:/C:/prog/ghidra/ghidra_12.1.3_PUBLIC/Ghidra/Framework/Generic/lib/Generic.jar!/generic.log4j.xml (LoggingInitialization)  
INFO  Using log file: C:\Users\yomei2\AppData\Roaming\ghidra\ghidra_12.1.3_PUBLIC\application.log (LoggingInitialization)  
INFO  Loading user preferences: C:\Users\yomei2\AppData\Roaming\ghidra\ghidra_12.1.3_PUBLIC\preferences (Preferences)  
INFO  Searching for classes... (ClassSearcher)  
INFO  Class search complete (1740 ms) (ClassSearcher)  
INFO  Initializing SSL Context (DefaultSSLContextInitializer)  
INFO  Initializing Random Number Generator... (SecureRandomFactory)  
INFO  Random Number Generator initialization complete: SHA1PRNG (SecureRandomFactory)  
INFO  Trust manager disabled, cacerts have not been set (DefaultTrustManagerFactory)  
INFO  Headless startup complete (7409 ms) (AnalyzeHeadless)  
INFO  Class searcher loaded 59 extension points (20 false positives) (ClassSearcher)  
INFO  HEADLESS Script Paths:
    C:\prog\ghidra\ghidra_12.1.3_PUBLIC\Ghidra\Debug\Debugger-rmi-trace\ghidra_scripts
    C:\prog\ghidra\ghidra_12.1.3_PUBLIC\Ghidra\Features\FileFormats\ghidra_scripts
    C:\prog\ghidra\ghidra_12.1.3_PUBLIC\Ghidra\Features\GnuDemangler\ghidra_scripts
    C:\prog\claude2\super_depth_wasm\tools\ghidra_scripts
    C:\prog\ghidra\ghidra_12.1.3_PUBLIC\Ghidra\Features\VersionTracking\ghidra_scripts
    C:\prog\ghidra\ghidra_12.1.3_PUBLIC\Ghidra\Debug\Debugger\ghidra_scripts
    C:\prog\ghidra\ghidra_12.1.3_PUBLIC\Ghidra\Processors\8051\ghidra_scripts
    C:\prog\ghidra\ghidra_12.1.3_PUBLIC\Ghidra\Features\BSim\ghidra_scripts
    C:\prog\ghidra\ghidra_12.1.3_PUBLIC\Ghidra\Features\WildcardAssembler\ghidra_scripts
    C:\prog\ghidra\ghidra_12.1.3_PUBLIC\Ghidra\Features\FunctionID\ghidra_scripts
    C:\prog\ghidra\ghidra_12.1.3_PUBLIC\Ghidra\Features\SystemEmulation\ghidra_scripts
    C:\prog\ghidra\ghidra_12.1.3_PUBLIC\Ghidra\Processors\PIC\ghidra_scripts
    C:\prog\ghidra\ghidra_12.1.3_PUBLIC\Ghidra\Features\PDB\ghidra_scripts
    C:\prog\ghidra\ghidra_12.1.3_PUBLIC\Ghidra\Features\DecompilerDependent\ghidra_scripts
    C:\prog\ghidra\ghidra_12.1.3_PUBLIC\Ghidra\Features\SwiftDemangler\ghidra_scripts
    C:\prog\ghidra\ghidra_12.1.3_PUBLIC\Ghidra\Features\MicrosoftCodeAnalyzer\ghidra_scripts
    C:\prog\ghidra\ghidra_12.1.3_PUBLIC\Ghidra\Processors\DATA\ghidra_scripts
    C:\prog\ghidra\ghidra_12.1.3_PUBLIC\Ghidra\Features\Decompiler\ghidra_scripts
    C:\prog\ghidra\ghidra_12.1.3_PUBLIC\Ghidra\Features\BytePatterns\ghidra_scripts
    C:\prog\ghidra\ghidra_12.1.3_PUBLIC\Ghidra\Features\PyGhidra\ghidra_scripts
    C:\prog\ghidra\ghidra_12.1.3_PUBLIC\Ghidra\Processors\Atmel\ghidra_scripts
    C:\prog\ghidra\ghidra_12.1.3_PUBLIC\Ghidra\Features\Base\ghidra_scripts
    C:\prog\ghidra\ghidra_12.1.3_PUBLIC\Ghidra\Processors\JVM\ghidra_scripts (HeadlessAnalyzer)  
INFO  HEADLESS: execution starts (HeadlessAnalyzer)  
INFO  Creating project: C:\prog\claude2\super_depth_wasm\ghidra_proj\sd (HeadlessAnalyzer)  
INFO  Creating project: C:\prog\claude2\super_depth_wasm\ghidra_proj\sd (DefaultProject)  
INFO  REPORT: Processing input files:  (HeadlessAnalyzer)  
INFO       project: C:\prog\claude2\super_depth_wasm\ghidra_proj\sd (HeadlessAnalyzer)  
INFO  IMPORTING: file:///C:/prog/claude2/super_depth_wasm/orig/DEPTH.EXE (HeadlessAnalyzer)  
INFO  Using Loader: Old-style DOS Executable (MZ) (ProgramLoader)  
INFO  Using Language/Compiler: x86:LE:16:Real Mode:default (ProgramLoader)  
INFO  Using Library Search Path: [., C:\WINDOWS\SysWOW64, C:\prog\ghidra\jdk-21.0.12.1+1\bin, C:\WINDOWS\Sun\Java\bin, C:\WINDOWS\system32, C:\WINDOWS, C:\Users\yomei2\bin, C:\Program Files\Git\clangarm64\bin, C:\Program Files\Git\usr\local\bin, C:\Program Files\Git\usr\bin, C:\Program Files\Git\mingw64\bin, C:\Python313\Scripts, C:\Python313, C:\prog\w64devkit\bin, C:\Program Files\LLVM\bin, C:\Windows\System32, C:\WINDOWS\System32\Wbem, C:\WINDOWS\System32\WindowsPowerShell\v1.0, C:\WINDOWS\System32\OpenSSH, C:\Program Files\CMake\bin, C:\Program Files\Git\cmd, C:\Users\yomei2\AppData\Local\Programs\Python\Python312, C:\Users\yomei2\AppData\Local\Programs\Python\Python312\Scripts, C:\Program Files\MySQL\MySQL Server 8.4\bin, C:\ProgramData\chocolatey\bin, C:\Program Files\nodejs, C:\Users\yomei2\.local\bin, C:\Program Files\GitHub CLI, C:\Users\yomei2\AppData\Local\Microsoft\WindowsApps, C:\php, C:\Users\yomei2\AppData\Local\Programs\Microsoft VS Code\bin, C:\Users\yomei2\AppData\Roaming\npm, C:\Program Files\Git\usr\bin\vendor_perl, C:\Program Files\Git\usr\bin\core_perl] (ProgramLoader)  
INFO  Additional info:
Loading file:///C:/prog/claude2/super_depth_wasm/orig/DEPTH.EXE?MD5=a527bf865d692bafbc70dda6c2ccd002...
------------------------------------------------

 (ProgramLoader)  
INFO  IMPORTING: Loaded 0 additional files (HeadlessAnalyzer)  
INFO  ANALYZING all memory and code: file:///C:/prog/claude2/super_depth_wasm/orig/DEPTH.EXE (HeadlessAnalyzer)  
INFO  Packed database cache: C:\Users\yomei2\AppData\Local\ghidra\packed-db-cache (PackedDatabaseCache)  
INFO  Applied data type archive: generic_clib (ApplyDataArchiveAnalyzer)  
INFO  -----------------------------------------------------
    ASCII Strings                              1.725 secs
    Apply Data Archives                        3.461 secs
    Call Convention ID                         0.040 secs
    Call-Fixup Installer                       0.075 secs
    Create Function                            2.115 secs
    Data Reference                             0.038 secs
    Decompiler Switch Analysis                15.634 secs
    Demangler GNU                              0.235 secs
    Disassemble                                0.117 secs
    Disassemble Entry Points                   5.890 secs
    Embedded Media                             0.099 secs
    External Entry References                  0.007 secs
    Function ID                                0.208 secs
    Function Start Search                      0.207 secs
    Non-Returning Functions - Discovered       0.628 secs
    Reference                                  0.082 secs
    Segmented X86 Calling Conventions          0.046 secs
    Shared Return Calls                        0.531 secs
    Stack                                      9.881 secs
    Subroutine References                      0.359 secs
    X86 Function Callee Purge                  0.344 secs
    x86 Constant Reference Analyzer            8.101 secs
-----------------------------------------------------
     Total Time   49 secs
-----------------------------------------------------
 (AutoAnalysisManager)  
INFO  REPORT: Analysis succeeded for file: file:///C:/prog/claude2/super_depth_wasm/orig/DEPTH.EXE (HeadlessAnalyzer)  
INFO  REPORT: Execute script: DecompileAll.java 'C:/prog/claude2/super_depth_wasm/decomp'  (HeadlessAnalyzer)  
INFO  SCRIPT: C:\prog\claude2\super_depth_wasm\tools\ghidra_scripts\DecompileAll.java (HeadlessAnalyzer)  
INFO  DecompileAll.java> decompiled 239 functions, 0 failed (GhidraScript)  
INFO  ANALYZING changes made by post scripts: file:///C:/prog/claude2/super_depth_wasm/orig/DEPTH.EXE (HeadlessAnalyzer)  
INFO  REPORT: Post-analysis succeeded for file: file:///C:/prog/claude2/super_depth_wasm/orig/DEPTH.EXE (HeadlessAnalyzer)  
INFO  /DEPTH.EXE: file created (yomei2) (LocalFileSystem)  
INFO  REPORT: Save succeeded for: /DEPTH.EXE (sd:/DEPTH.EXE) (HeadlessAnalyzer)  
INFO  REPORT: Import succeeded (HeadlessAnalyzer)  
